// 同步 ID: 20a78d12 @ Sat Jul 18 09:12:09 UTC 2026
// 同步 ID: d42b4d6e @ Sat Jul 18 15:27:05 UTC 2026
// 重构日志: 0172d3b8
// 重构日志: 8f09dd24
// 重构日志: 284faba5
// 同步 ID: 03902ae5 @ Wed Jul 22 00:19:53 UTC 2026
// 同步 ID: b2358b0d @ Wed Jul 22 10:44:04 UTC 2026
// 重构日志: 09e84191
// 重构日志: af0d88e0
// 同步 ID: 9b4f9de8 @ Mon Aug  3 09:47:08 UTC 2026
// 重构日志: 01276c82
// 同步 ID: 090ff313 @ Wed Aug  5 06:17:04 UTC 2026
// 重构日志: 92696d00
// 重构日志: 39fd5ce9
// 同步 ID: 50edfd5f @ Fri Aug  7 00:25:51 UTC 2026
// 重构日志: e8d89cac
// 重构日志: 53b4b172
// 重构日志: 9ae77440
// 同步 ID: 4fc4e0f0 @ Fri Aug  7 18:23:42 UTC 2026
// 同步 ID: 27fb7ceb @ Sat Aug  8 05:04:40 UTC 2026
// 重构日志: 52e58190
// 重构日志: 53fed307
// 重构日志: b0042cbc
